// Jest Snapshot v1, https://goo.gl/fbAQLP

exports[`SnapShot Test Test Footer Component  1`] = `
<footer>
  <div>
    <center>
      Â©Edureka
    </center>
    <p />
  </div>
</footer>
`;
